// Jest Snapshot v1, https://goo.gl/fbAQLP

exports[`* renders * 1`] = `
<DocumentFragment>
  <div
    class="tc grow bg-navy br3 pa2 ma3 dib bw2 shadow-3 "
    data-testid="card"
  >
    <img
      alt="recipes"
    />
    <div>
      <h2 />
      <p />
    </div>
  </div>
</DocumentFragment>
`;
